This is XeTeX, Version 3.141592653-2.6-0.999997 (MiKTeX 25.4) (preloaded format=xelatex 2025.7.8)  21 AUG 2025 22:17
entering extended mode
 restricted \write18 enabled.
 file:line:error style messages enabled.
 %&-line parsing enabled.
**c:/Users/muldi/Documents/Playground/University/senior-project-1/research/rese
arch_paper.tex

(c:/Users/muldi/Documents/Playground/University/senior-project-1/research/resea
rch_paper.tex
LaTeX2e <2025-06-01>
L3 programming layer <2025-05-26>
(C:\Users\muldi\AppData\Local\Programs\MiKTeX\tex/latex/base\article.cls
Document Class: article 2025/01/22 v1.4n Standard LaTeX document class
(C:\Users\muldi\AppData\Local\Programs\MiKTeX\tex/latex/base\size11.clo
File: size11.clo 2025/01/22 v1.4n Standard LaTeX file (size option)
)
\c@part=\count271
\c@section=\count272
\c@subsection=\count273
\c@subsubsection=\count274
\c@paragraph=\count275
\c@subparagraph=\count276
\c@figure=\count277
\c@table=\count278
\abovecaptionskip=\skip49
\belowcaptionskip=\skip50
\bibindent=\dimen148
)
(C:\Users\muldi\AppData\Local\Programs\MiKTeX\tex/latex/amsmath\amsmath.sty
Package: amsmath 2025/05/18 v2.17x AMS math features
\@mathmargin=\skip51

For additional information on amsmath, use the `?' option.
(C:\Users\muldi\AppData\Local\Programs\MiKTeX\tex/latex/amsmath\amstext.sty
Package: amstext 2024/11/17 v2.01 AMS text

(C:\Users\muldi\AppData\Local\Programs\MiKTeX\tex/latex/amsmath\amsgen.sty
File: amsgen.sty 1999/11/30 v2.0 generic functions
\@emptytoks=\toks17
\ex@=\dimen149
))
(C:\Users\muldi\AppData\Local\Programs\MiKTeX\tex/latex/amsmath\amsbsy.sty
Package: amsbsy 1999/11/29 v1.2d Bold Symbols
\pmbraise@=\dimen150
)
(C:\Users\muldi\AppData\Local\Programs\MiKTeX\tex/latex/amsmath\amsopn.sty
Package: amsopn 2022/04/08 v2.04 operator names
)
\inf@bad=\count279
LaTeX Info: Redefining \frac on input line 233.
\uproot@=\count280
\leftroot@=\count281
LaTeX Info: Redefining \overline on input line 398.
LaTeX Info: Redefining \colon on input line 409.
\classnum@=\count282
\DOTSCASE@=\count283
LaTeX Info: Redefining \ldots on input line 495.
LaTeX Info: Redefining \dots on input line 498.
LaTeX Info: Redefining \cdots on input line 619.
\Mathstrutbox@=\box53
\strutbox@=\box54
LaTeX Info: Redefining \big on input line 721.
LaTeX Info: Redefining \Big on input line 722.
LaTeX Info: Redefining \bigg on input line 723.
LaTeX Info: Redefining \Bigg on input line 724.
\big@size=\dimen151
LaTeX Font Info:    Redeclaring font encoding OML on input line 742.
LaTeX Font Info:    Redeclaring font encoding OMS on input line 743.
\macc@depth=\count284
LaTeX Info: Redefining \bmod on input line 904.
LaTeX Info: Redefining \pmod on input line 909.
LaTeX Info: Redefining \smash on input line 939.
LaTeX Info: Redefining \relbar on input line 969.
LaTeX Info: Redefining \Relbar on input line 970.
\c@MaxMatrixCols=\count285
\dotsspace@=\muskip17
\c@parentequation=\count286
\dspbrk@lvl=\count287
\tag@help=\toks18
\row@=\count288
\column@=\count289
\maxfields@=\count290
\andhelp@=\toks19
\eqnshift@=\dimen152
\alignsep@=\dimen153
\tagshift@=\dimen154
\tagwidth@=\dimen155
\totwidth@=\dimen156
\lineht@=\dimen157
\@envbody=\toks20
\multlinegap=\skip52
\multlinetaggap=\skip53
\mathdisplay@stack=\toks21
LaTeX Info: Redefining \[ on input line 2949.
LaTeX Info: Redefining \] on input line 2950.
)
(C:\Users\muldi\AppData\Local\Programs\MiKTeX\tex/latex/float\float.sty
Package: float 2001/11/08 v1.3d Float enhancements (AL)
\c@float@type=\count291
\float@exts=\toks22
\float@box=\box55
\@float@everytoks=\toks23
\@floatcapt=\box56
)
(C:\Users\muldi\AppData\Local\Programs\MiKTeX\tex/latex/fontspec\fontspec.sty
(C:\Users\muldi\AppData\Local\Programs\MiKTeX\tex/latex/l3packages/xparse\xpars
e.sty
(C:\Users\muldi\AppData\Local\Programs\MiKTeX\tex/latex/l3kernel\expl3.sty
Package: expl3 2025-05-26 L3 programming layer (loader) 

(C:\Users\muldi\AppData\Local\Programs\MiKTeX\tex/latex/l3backend\l3backend-xet
ex.def
File: l3backend-xetex.def 2025-04-14 L3 backend support: XeTeX
\g__graphics_track_int=\count292
\g__pdfannot_backend_int=\count293
\g__pdfannot_backend_link_int=\count294
))
Package: xparse 2024-08-16 L3 Experimental document command parser
)
Package: fontspec 2024/05/11 v2.9e Font selection for XeLaTeX and LuaLaTeX

(C:\Users\muldi\AppData\Local\Programs\MiKTeX\tex/latex/fontspec\fontspec-xetex
.sty
Package: fontspec-xetex 2024/05/11 v2.9e Font selection for XeLaTeX and LuaLaTe
X
\l__fontspec_script_int=\count295
\l__fontspec_language_int=\count296
\l__fontspec_strnum_int=\count297
\l__fontspec_tmp_int=\count298
\l__fontspec_tmpa_int=\count299
\l__fontspec_tmpb_int=\count300
\l__fontspec_tmpc_int=\count301
\l__fontspec_em_int=\count302
\l__fontspec_emdef_int=\count303
\l__fontspec_strong_int=\count304
\l__fontspec_strongdef_int=\count305
\l__fontspec_tmpa_dim=\dimen158
\l__fontspec_tmpb_dim=\dimen159
\l__fontspec_tmpc_dim=\dimen160
 (C:\Users\muldi\AppData\Local\Programs\MiKTeX\tex/latex/base\fontenc.sty
Package: fontenc 2024/12/21 v2.1c Standard LaTeX package
)
(C:\Users\muldi\AppData\Local\Programs\MiKTeX\tex/latex/fontspec\fontspec.cfg))
)
(C:\Users\muldi\AppData\Local\Programs\MiKTeX\tex/latex/polyglossia\polyglossia
.sty
Package: polyglossia 2025/06/30 v2.6 Modern multilingual typesetting with XeLaT
eX and LuaLaTeX

(C:\Users\muldi\AppData\Local\Programs\MiKTeX\tex/latex/etoolbox\etoolbox.sty
Package: etoolbox 2025/02/11 v2.5l e-TeX tools for LaTeX (JAW)
\etb@tempcnta=\count306
)
(C:\Users\muldi\AppData\Local\Programs\MiKTeX\tex/generic/iftex\iftex.sty
Package: iftex 2024/12/12 v1.0g TeX engine tests
)
\l_xpg_alias_keyvals_int=\count307

(C:\Users\muldi\AppData\Local\Programs\MiKTeX\tex/latex/polyglossia\gloss-latex
.ldf
File: gloss-latex.ldf polyglossia: module for default language
))
(C:\Users\muldi\AppData\Local\Programs\MiKTeX\tex/latex/tools\tabularx.sty
Package: tabularx 2023/12/11 v2.12a `tabularx' package (DPC)

(C:\Users\muldi\AppData\Local\Programs\MiKTeX\tex/latex/tools\array.sty
Package: array 2025/05/19 v2.6i Tabular extension package (FMi)
\col@sep=\dimen161
\ar@mcellbox=\box57
\extrarowheight=\dimen162
\NC@list=\toks24
\extratabsurround=\skip54
\backup@length=\skip55
\ar@cellbox=\box58
)
\TX@col@width=\dimen163
\TX@old@table=\dimen164
\TX@old@col=\dimen165
\TX@target=\dimen166
\TX@delta=\dimen167
\TX@cols=\count308
\TX@ftn=\toks25
)
(C:\Users\muldi\AppData\Local\Programs\MiKTeX\tex/latex/makecell\makecell.sty
Package: makecell 2009/08/03 V0.1e Managing of Tab Column Heads and Cells
\rotheadsize=\dimen168
\c@nlinenum=\count309
\TeXr@lab=\toks26
)
(C:\Users\muldi\AppData\Local\Programs\MiKTeX\tex/latex/booktabs\booktabs.sty
Package: booktabs 2020/01/12 v1.61803398 Publication quality tables
\heavyrulewidth=\dimen169
\lightrulewidth=\dimen170
\cmidrulewidth=\dimen171
\belowrulesep=\dimen172
\belowbottomsep=\dimen173
\aboverulesep=\dimen174
\abovetopsep=\dimen175
\cmidrulesep=\dimen176
\cmidrulekern=\dimen177
\defaultaddspace=\dimen178
\@cmidla=\count310
\@cmidlb=\count311
\@aboverulesep=\dimen179
\@belowrulesep=\dimen180
\@thisruleclass=\count312
\@lastruleclass=\count313
\@thisrulewidth=\dimen181
)
(C:\Users\muldi\AppData\Local\Programs\MiKTeX\tex/latex/siunitx\siunitx.sty
Package: siunitx 2025-07-05 v3.4.13 A comprehensive (SI) units package
\l__siunitx_number_uncert_offset_int=\count314
\l__siunitx_number_exponent_fixed_int=\count315
\l__siunitx_number_min_decimal_int=\count316
\l__siunitx_number_min_integer_int=\count317
\l__siunitx_number_round_precision_int=\count318
\l__siunitx_number_lower_threshold_int=\count319
\l__siunitx_number_upper_threshold_int=\count320
\l__siunitx_number_group_first_int=\count321
\l__siunitx_number_group_size_int=\count322
\l__siunitx_number_group_minimum_int=\count323
\l__siunitx_angle_tmp_dim=\dimen182
\l__siunitx_angle_marker_box=\box59
\l__siunitx_angle_unit_box=\box60
\l__siunitx_compound_count_int=\count324

(C:\Users\muldi\AppData\Local\Programs\MiKTeX\tex/latex/translations\translatio
ns.sty
Package: translations 2022/02/05 v1.12 internationalization of LaTeX2e packages
 (CN)

(C:\Users\muldi\AppData\Local\Programs\MiKTeX\tex/generic/pdftexcmds\pdftexcmds
.sty
Package: pdftexcmds 2020-06-27 v0.33 Utility functions of pdfTeX for LuaTeX (HO
)

(C:\Users\muldi\AppData\Local\Programs\MiKTeX\tex/generic/infwarerr\infwarerr.s
ty
Package: infwarerr 2019/12/03 v1.5 Providing info/warning/error messages (HO)
)
(C:\Users\muldi\AppData\Local\Programs\MiKTeX\tex/generic/ltxcmds\ltxcmds.sty
Package: ltxcmds 2023-12-04 v1.26 LaTeX kernel commands for general use (HO)
)
Package pdftexcmds Info: \pdf@primitive is available.
Package pdftexcmds Info: \pdf@ifprimitive is available.
Package pdftexcmds Info: \pdfdraftmode not found.
))
\l__siunitx_table_tmp_box=\box61
\l__siunitx_table_tmp_dim=\dimen183
\l__siunitx_table_column_width_dim=\dimen184
\l__siunitx_table_integer_box=\box62
\l__siunitx_table_decimal_box=\box63
\l__siunitx_table_uncert_box=\box64
\l__siunitx_table_before_box=\box65
\l__siunitx_table_after_box=\box66
\l__siunitx_table_before_dim=\dimen185
\l__siunitx_table_carry_dim=\dimen186
\l__siunitx_unit_tmp_int=\count325
\l__siunitx_unit_position_int=\count326
\l__siunitx_unit_total_int=\count327
)
(C:\Users\muldi\AppData\Local\Programs\MiKTeX\tex/latex/graphics\rotating.sty
Package: rotating 2025/01/14 v2.16e rotated objects in LaTeX

(C:\Users\muldi\AppData\Local\Programs\MiKTeX\tex/latex/graphics\graphicx.sty
Package: graphicx 2024/12/31 v1.2e Enhanced LaTeX Graphics (DPC,SPQR)

(C:\Users\muldi\AppData\Local\Programs\MiKTeX\tex/latex/graphics\keyval.sty
Package: keyval 2022/05/29 v1.15 key=value parser (DPC)
\KV@toks@=\toks27
)
(C:\Users\muldi\AppData\Local\Programs\MiKTeX\tex/latex/graphics\graphics.sty
Package: graphics 2024/08/06 v1.4g Standard LaTeX Graphics (DPC,SPQR)

(C:\Users\muldi\AppData\Local\Programs\MiKTeX\tex/latex/graphics\trig.sty
Package: trig 2023/12/02 v1.11 sin cos tan (DPC)
)
(C:\Users\muldi\AppData\Local\Programs\MiKTeX\tex/latex/graphics-cfg\graphics.c
fg
File: graphics.cfg 2016/06/04 v1.11 sample graphics configuration
)
Package graphics Info: Driver file: xetex.def on input line 106.

(C:\Users\muldi\AppData\Local\Programs\MiKTeX\tex/latex/graphics-def\xetex.def
File: xetex.def 2022/09/22 v5.0n Graphics/color driver for xetex
))
\Gin@req@height=\dimen187
\Gin@req@width=\dimen188
) (C:\Users\muldi\AppData\Local\Programs\MiKTeX\tex/latex/base\ifthen.sty
Package: ifthen 2024/03/16 v1.1e Standard LaTeX ifthen package (DPC)
)
\c@r@tfl@t=\count328
\rotFPtop=\skip56
\rotFPbot=\skip57
\rot@float@box=\box67
\rot@mess@toks=\toks28
)
(C:\Users\muldi\AppData\Local\Programs\MiKTeX\tex/latex/polyglossia\gloss-engli
sh.ldf
File: gloss-english.ldf polyglossia: module for English
)

Package polyglossia Info: Default language is english


(C:\Users\muldi\AppData\Local\Programs\MiKTeX\tex/latex/polyglossia\gloss-thai.
ldf
File: gloss-thai.ldf polyglossia: module for Thai
)

c:/Users/muldi/Documents/Playground/University/senior-project-1/research/resear
ch_paper.tex:17: Package fontspec Error: 
(fontspec)                The font "Noto Sans Thai" cannot be found; this
(fontspec)                may be but usually is not a fontspec bug. Either
(fontspec)                there is a typo in the font name/file, the font is
(fontspec)                not installed (correctly), or there is a bug in
(fontspec)                the underlying font loading engine
(fontspec)                (XeTeX/luaotfload).

For immediate help type H <return>.
 ...                                              
                                                  
l.17 \newfontfamily
                   \thaifonttt[Script=Thai,Scale=1.0]{Noto Sans Thai}

A font might not be found for many reasons.
 Check the spelling, where the font is installed etc. etc.

 When in doubt, ask someone for help!



Package fontspec Info: 
(fontspec)             Script 'Thai' not explicitly supported within font
(fontspec)             'Noto Sans Thai'. Check the typeset output, and if it
(fontspec)             is okay then ignore this warning. Otherwise a different
(fontspec)             font should be chosen.


Package fontspec Info: 
(fontspec)             Noto Sans Thai scale = 1.0.


Package fontspec Info: 
(fontspec)             Could not resolve font "Noto Sans Thai/BI" (it probably
(fontspec)             doesn't exist).


Package fontspec Info: 
(fontspec)             Could not resolve font "Noto Sans Thai/B" (it probably
(fontspec)             doesn't exist).


Package fontspec Info: 
(fontspec)             Could not resolve font "Noto Sans Thai/I" (it probably
(fontspec)             doesn't exist).


c:/Users/muldi/Documents/Playground/University/senior-project-1/research/resear
ch_paper.tex:17: Package fontspec Error: 
(fontspec)                The font "Noto Sans Thai" cannot be found; this
(fontspec)                may be but usually is not a fontspec bug. Either
(fontspec)                there is a typo in the font name/file, the font is
(fontspec)                not installed (correctly), or there is a bug in
(fontspec)                the underlying font loading engine
(fontspec)                (XeTeX/luaotfload).

For immediate help type H <return>.
 ...                                              
                                                  
l.17 \newfontfamily
                   \thaifonttt[Script=Thai,Scale=1.0]{Noto Sans Thai}

A font might not be found for many reasons.
 Check the spelling, where the font is installed etc. etc.

 When in doubt, ask someone for help!



c:/Users/muldi/Documents/Playground/University/senior-project-1/research/resear
ch_paper.tex:17: Package fontspec Error: 
(fontspec)                The font "Noto Sans Thai" cannot be found; this
(fontspec)                may be but usually is not a fontspec bug. Either
(fontspec)                there is a typo in the font name/file, the font is
(fontspec)                not installed (correctly), or there is a bug in
(fontspec)                the underlying font loading engine
(fontspec)                (XeTeX/luaotfload).

For immediate help type H <return>.
 ...                                              
                                                  
l.17 \newfontfamily
                   \thaifonttt[Script=Thai,Scale=1.0]{Noto Sans Thai}

A font might not be found for many reasons.
 Check the spelling, where the font is installed etc. etc.

 When in doubt, ask someone for help!



Package fontspec Info: 
(fontspec)             Noto Sans Thai scale = 1.0.


Package fontspec Info: 
(fontspec)             Noto Sans Thai scale = 1.0.


Package fontspec Info: 
(fontspec)             Font family 'NotoSansThai(0)' created for font 'Noto
(fontspec)             Sans Thai' with options [Script=Thai,Scale=1.0].
(fontspec)              
(fontspec)              This font family consists of the following NFSS
(fontspec)             series/shapes:
(fontspec)              
(fontspec)             - 'normal' (m/n) with NFSS spec.: <->s*[1.0]"Noto Sans
(fontspec)             Thai/OT"
(fontspec)             - 'small caps'  (m/sc) with NFSS spec.: <->s*[1.0]"Noto
(fontspec)             Sans Thai/OT"


c:/Users/muldi/Documents/Playground/University/senior-project-1/research/resear
ch_paper.tex:18: Package fontspec Error: 
(fontspec)                The font "Noto Sans Thai" cannot be found; this
(fontspec)                may be but usually is not a fontspec bug. Either
(fontspec)                there is a typo in the font name/file, the font is
(fontspec)                not installed (correctly), or there is a bug in
(fontspec)                the underlying font loading engine
(fontspec)                (XeTeX/luaotfload).

For immediate help type H <return>.
 ...                                              
                                                  
l.18 \newcommand
                {\textthai}[1]{{\thaifont #1}}

A font might not be found for many reasons.
 Check the spelling, where the font is installed etc. etc.

 When in doubt, ask someone for help!



Package fontspec Info: 
(fontspec)             Script 'Thai' not explicitly supported within font
(fontspec)             'Noto Sans Thai'. Check the typeset output, and if it
(fontspec)             is okay then ignore this warning. Otherwise a different
(fontspec)             font should be chosen.


Package fontspec Info: 
(fontspec)             Noto Sans Thai scale = 1.0.


c:/Users/muldi/Documents/Playground/University/senior-project-1/research/resear
ch_paper.tex:18: LaTeX Error: Command \textthai already defined.
               Or name \end... illegal, see p.192 of the manual.

See the LaTeX manual or LaTeX Companion for explanation.
Type  H <return>  for immediate help.
 ...                                              
                                                  
l.18 \newcommand{\textthai}[1]{{\thaifont #1}}
                                              
Your command was ignored.
Type  I <command> <return>  to replace it with another command,
or  <return>  to continue without it.

(C:\Users\muldi\AppData\Local\Programs\MiKTeX\tex/latex/url\url.sty
\Urlmuskip=\muskip18
Package: url 2013/09/16  ver 3.4  Verb mode for urls, etc.
)
(C:\Users\muldi\AppData\Local\Programs\MiKTeX\tex/latex/hyperref\hyperref.sty
Package: hyperref 2025-05-20 v7.01m Hypertext links for LaTeX

(C:\Users\muldi\AppData\Local\Programs\MiKTeX\tex/latex/kvsetkeys\kvsetkeys.sty
Package: kvsetkeys 2022-10-05 v1.19 Key value parser (HO)
)
(C:\Users\muldi\AppData\Local\Programs\MiKTeX\tex/generic/kvdefinekeys\kvdefine
keys.sty
Package: kvdefinekeys 2019-12-19 v1.6 Define keys (HO)
)
(C:\Users\muldi\AppData\Local\Programs\MiKTeX\tex/generic/pdfescape\pdfescape.s
ty
Package: pdfescape 2019/12/09 v1.15 Implements pdfTeX's escape features (HO)
) (C:\Users\muldi\AppData\Local\Programs\MiKTeX\tex/latex/hycolor\hycolor.sty
Package: hycolor 2020-01-27 v1.10 Color options for hyperref/bookmark (HO)
) (C:\Users\muldi\AppData\Local\Programs\MiKTeX\tex/latex/hyperref\nameref.sty
Package: nameref 2023-11-26 v2.56 Cross-referencing by name of section

(C:\Users\muldi\AppData\Local\Programs\MiKTeX\tex/latex/refcount\refcount.sty
Package: refcount 2019/12/15 v3.6 Data extraction from label references (HO)
)
(C:\Users\muldi\AppData\Local\Programs\MiKTeX\tex/generic/gettitlestring\gettit
lestring.sty
Package: gettitlestring 2019/12/15 v1.6 Cleanup title references (HO)

(C:\Users\muldi\AppData\Local\Programs\MiKTeX\tex/latex/kvoptions\kvoptions.sty
Package: kvoptions 2022-06-15 v3.15 Key value format for package options (HO)
))
\c@section@level=\count329
)
(C:\Users\muldi\AppData\Local\Programs\MiKTeX\tex/generic/stringenc\stringenc.s
ty
Package: stringenc 2019/11/29 v1.12 Convert strings between diff. encodings (HO
)
)
\@linkdim=\dimen189
\Hy@linkcounter=\count330
\Hy@pagecounter=\count331
 (C:\Users\muldi\AppData\Local\Programs\MiKTeX\tex/latex/hyperref\pd1enc.def
File: pd1enc.def 2025-05-20 v7.01m Hyperref: PDFDocEncoding definition (HO)
) (C:\Users\muldi\AppData\Local\Programs\MiKTeX\tex/generic/intcalc\intcalc.sty
Package: intcalc 2019/12/15 v1.3 Expandable calculations with integers (HO)
)
\Hy@SavedSpaceFactor=\count332
 (C:\Users\muldi\AppData\Local\Programs\MiKTeX\tex/latex/hyperref\puenc.def
File: puenc.def 2025-05-20 v7.01m Hyperref: PDF Unicode definition (HO)
)
Package hyperref Info: Hyper figures OFF on input line 4157.
Package hyperref Info: Link nesting OFF on input line 4162.
Package hyperref Info: Hyper index ON on input line 4165.
Package hyperref Info: Plain pages OFF on input line 4172.
Package hyperref Info: Backreferencing OFF on input line 4177.
Package hyperref Info: Implicit mode ON; LaTeX internals redefined.
Package hyperref Info: Bookmarks ON on input line 4424.
\c@Hy@tempcnt=\count333
LaTeX Info: Redefining \url on input line 4763.
\XeTeXLinkMargin=\dimen190

(C:\Users\muldi\AppData\Local\Programs\MiKTeX\tex/generic/bitset\bitset.sty
Package: bitset 2019/12/09 v1.3 Handle bit-vector datatype (HO)

(C:\Users\muldi\AppData\Local\Programs\MiKTeX\tex/generic/bigintcalc\bigintcalc
.sty
Package: bigintcalc 2019/12/15 v1.5 Expandable calculations on big integers (HO
)
))
\Fld@menulength=\count334
\Field@Width=\dimen191
\Fld@charsize=\dimen192
Package hyperref Info: Hyper figures OFF on input line 6042.
Package hyperref Info: Link nesting OFF on input line 6047.
Package hyperref Info: Hyper index ON on input line 6050.
Package hyperref Info: backreferencing OFF on input line 6057.
Package hyperref Info: Link coloring OFF on input line 6062.
Package hyperref Info: Link coloring with OCG OFF on input line 6067.
Package hyperref Info: PDF/A mode OFF on input line 6072.

(C:\Users\muldi\AppData\Local\Programs\MiKTeX\tex/latex/base\atbegshi-ltx.sty
Package: atbegshi-ltx 2021/01/10 v1.0c Emulation of the original atbegshi
package with kernel methods
)
\Hy@abspage=\count335
\c@Item=\count336
\c@Hfootnote=\count337
)
Package hyperref Info: Driver (autodetected): hxetex.
(C:\Users\muldi\AppData\Local\Programs\MiKTeX\tex/latex/hyperref\hxetex.def
File: hxetex.def 2025-05-20 v7.01m Hyperref driver for XeTeX
\pdfm@box=\box68
\c@Hy@AnnotLevel=\count338
\HyField@AnnotCount=\count339
\Fld@listcount=\count340
\c@bookmark@seq@number=\count341

(C:\Users\muldi\AppData\Local\Programs\MiKTeX\tex/latex/rerunfilecheck\rerunfil
echeck.sty
Package: rerunfilecheck 2022-07-10 v1.10 Rerun checks for auxiliary files (HO)

(C:\Users\muldi\AppData\Local\Programs\MiKTeX\tex/latex/base\atveryend-ltx.sty
Package: atveryend-ltx 2020/08/19 v1.0a Emulation of the original atveryend pac
kage
with kernel methods
)
(C:\Users\muldi\AppData\Local\Programs\MiKTeX\tex/generic/uniquecounter\uniquec
ounter.sty
Package: uniquecounter 2019/12/15 v1.4 Provide unlimited unique counter (HO)
)
Package uniquecounter Info: New unique counter `rerunfilecheck' on input line 2
85.
)
\Hy@SectionHShift=\skip58
)
(C:\Users\muldi\AppData\Local\Programs\MiKTeX\tex/latex/graphics\color.sty
Package: color 2025/01/14 v1.3e Standard LaTeX Color (DPC)

(C:\Users\muldi\AppData\Local\Programs\MiKTeX\tex/latex/graphics-cfg\color.cfg
File: color.cfg 2016/01/02 v1.6 sample color configuration
)
Package color Info: Driver file: xetex.def on input line 149.
(C:\Users\muldi\AppData\Local\Programs\MiKTeX\tex/latex/graphics\mathcolor.ltx)
) (research_paper.aux)
\openout1 = `research_paper.aux'.

LaTeX Font Info:    Checking defaults for OML/cmm/m/it on input line 32.
LaTeX Font Info:    ... okay on input line 32.
LaTeX Font Info:    Checking defaults for OMS/cmsy/m/n on input line 32.
LaTeX Font Info:    ... okay on input line 32.
LaTeX Font Info:    Checking defaults for OT1/cmr/m/n on input line 32.
LaTeX Font Info:    ... okay on input line 32.
LaTeX Font Info:    Checking defaults for T1/cmr/m/n on input line 32.
LaTeX Font Info:    ... okay on input line 32.
LaTeX Font Info:    Checking defaults for TS1/cmr/m/n on input line 32.
LaTeX Font Info:    ... okay on input line 32.
LaTeX Font Info:    Checking defaults for TU/lmr/m/n on input line 32.
LaTeX Font Info:    ... okay on input line 32.
LaTeX Font Info:    Checking defaults for OMX/cmex/m/n on input line 32.
LaTeX Font Info:    ... okay on input line 32.
LaTeX Font Info:    Checking defaults for U/cmr/m/n on input line 32.
LaTeX Font Info:    ... okay on input line 32.
LaTeX Font Info:    Checking defaults for PD1/pdf/m/n on input line 32.
LaTeX Font Info:    ... okay on input line 32.
LaTeX Font Info:    Checking defaults for PU/pdf/m/n on input line 32.
LaTeX Font Info:    ... okay on input line 32.

Package fontspec Info: 
(fontspec)             Adjusting the maths setup (use [no-math] to avoid
(fontspec)             this).

\symlegacymaths=\mathgroup4
LaTeX Font Info:    Overwriting symbol font `legacymaths' in version `bold'
(Font)                  OT1/cmr/m/n --> OT1/cmr/bx/n on input line 32.
LaTeX Font Info:    Redeclaring math accent \acute on input line 32.
LaTeX Font Info:    Redeclaring math accent \grave on input line 32.
LaTeX Font Info:    Redeclaring math accent \ddot on input line 32.
LaTeX Font Info:    Redeclaring math accent \tilde on input line 32.
LaTeX Font Info:    Redeclaring math accent \bar on input line 32.
LaTeX Font Info:    Redeclaring math accent \breve on input line 32.
LaTeX Font Info:    Redeclaring math accent \check on input line 32.
LaTeX Font Info:    Redeclaring math accent \hat on input line 32.
LaTeX Font Info:    Redeclaring math accent \dot on input line 32.
LaTeX Font Info:    Redeclaring math accent \mathring on input line 32.
LaTeX Font Info:    Redeclaring math symbol \Gamma on input line 32.
LaTeX Font Info:    Redeclaring math symbol \Delta on input line 32.
LaTeX Font Info:    Redeclaring math symbol \Theta on input line 32.
LaTeX Font Info:    Redeclaring math symbol \Lambda on input line 32.
LaTeX Font Info:    Redeclaring math symbol \Xi on input line 32.
LaTeX Font Info:    Redeclaring math symbol \Pi on input line 32.
LaTeX Font Info:    Redeclaring math symbol \Sigma on input line 32.
LaTeX Font Info:    Redeclaring math symbol \Upsilon on input line 32.
LaTeX Font Info:    Redeclaring math symbol \Phi on input line 32.
LaTeX Font Info:    Redeclaring math symbol \Psi on input line 32.
LaTeX Font Info:    Redeclaring math symbol \Omega on input line 32.
LaTeX Font Info:    Redeclaring math symbol \mathdollar on input line 32.
LaTeX Font Info:    Redeclaring symbol font `operators' on input line 32.
LaTeX Font Info:    Encoding `OT1' has changed to `TU' for symbol font
(Font)              `operators' in the math version `normal' on input line 32.
LaTeX Font Info:    Overwriting symbol font `operators' in version `normal'
(Font)                  OT1/cmr/m/n --> TU/lmr/m/n on input line 32.
LaTeX Font Info:    Encoding `OT1' has changed to `TU' for symbol font
(Font)              `operators' in the math version `bold' on input line 32.
LaTeX Font Info:    Overwriting symbol font `operators' in version `bold'
(Font)                  OT1/cmr/bx/n --> TU/lmr/m/n on input line 32.
LaTeX Font Info:    Overwriting symbol font `operators' in version `normal'
(Font)                  TU/lmr/m/n --> TU/lmr/m/n on input line 32.
LaTeX Font Info:    Overwriting math alphabet `\mathit' in version `normal'
(Font)                  OT1/cmr/m/it --> TU/lmr/m/it on input line 32.
LaTeX Font Info:    Overwriting math alphabet `\mathbf' in version `normal'
(Font)                  OT1/cmr/bx/n --> TU/lmr/b/n on input line 32.
LaTeX Font Info:    Overwriting math alphabet `\mathsf' in version `normal'
(Font)                  OT1/cmss/m/n --> TU/lmss/m/n on input line 32.
LaTeX Font Info:    Overwriting math alphabet `\mathtt' in version `normal'
(Font)                  OT1/cmtt/m/n --> TU/lmr/m/n on input line 32.
LaTeX Font Info:    Overwriting symbol font `operators' in version `bold'
(Font)                  TU/lmr/m/n --> TU/lmr/b/n on input line 32.
LaTeX Font Info:    Overwriting math alphabet `\mathit' in version `bold'
(Font)                  OT1/cmr/bx/it --> TU/lmr/b/it on input line 32.
LaTeX Font Info:    Overwriting math alphabet `\mathsf' in version `bold'
(Font)                  OT1/cmss/bx/n --> TU/lmss/b/n on input line 32.
LaTeX Font Info:    Overwriting math alphabet `\mathtt' in version `bold'
(Font)                  OT1/cmtt/m/n --> TU/lmr/b/n on input line 32.
Package translations Info: no dictionary file `translations-basic-dictionary-th
ai.trsl' found. on input line 32.
Package hyperref Info: Link coloring OFF on input line 32.
 (research_paper.out) (research_paper.out)
\@outlinefile=\write3
\openout3 = `research_paper.out'.



[1

]
Overfull \hbox (8.36894pt too wide) in paragraph at lines 55--60
\TU/lmr/m/n/10.95 existing profanity detection models are trained exclusively o
n English datasets,
 []



[2]
Overfull \hbox (0.90326pt too wide) in paragraph at lines 91--96
\TU/lmr/m/n/10.95 pre-trained on the Common Voice 7 dataset [[]]. Additionally,
 Phatthiyaphai-
 []


Overfull \hbox (70.24806pt too wide) in paragraph at lines 104--174
 [][] 
 []



[3]

[4]

[5]
LaTeX Font Info:    Font shape `TU/NotoSansThai(0)/m/n' will be
(Font)              scaled to size 9.0pt on input line 252.

c:/Users/muldi/Documents/Playground/University/senior-project-1/research/resear
ch_paper.tex:252: Font TU/NotoSansThai(0)/m/n/9="Noto Sans Thai/OT" at 9.0pt no
t loadable: Metric (TFM) file or installed font not found.
<to be read again> 
                   relax 
l.252         \textthai{กู}
                            (guu) & 146 & 236 & +90 (+61.6\%) \\
I wasn't able to read the size data for this font,
so I will ignore the font specification.
[Wizards can fix TFM files using TFtoPL/PLtoTF.]
You might try inserting a different font spec;
e.g., type `I\font<same font id>=<substitute font name>'.

\thai@year=\count342
Missing character: There is no ก in font nullfont!
Missing character: There is no ู in font nullfont!
\thai@year=\count343
Missing character: There is no ม in font nullfont!
Missing character: There is no ึ in font nullfont!
Missing character: There is no ง in font nullfont!
\thai@year=\count344
Missing character: There is no เ in font nullfont!
Missing character: There is no ห in font nullfont!
Missing character: There is no ี in font nullfont!
Missing character: There is no ้ in font nullfont!
Missing character: There is no ย in font nullfont!
\thai@year=\count345
Missing character: There is no ค in font nullfont!
Missing character: There is no ว in font nullfont!
Missing character: There is no ย in font nullfont!
\thai@year=\count346
Missing character: There is no ห in font nullfont!
Missing character: There is no ี in font nullfont!
\thai@year=\count347
Missing character: There is no แ in font nullfont!
Missing character: There is no ต in font nullfont!
Missing character: There is no ด in font nullfont!
\thai@year=\count348
Missing character: There is no เ in font nullfont!
Missing character: There is no ย in font nullfont!
Missing character: There is no ็ in font nullfont!
Missing character: There is no ด in font nullfont!
\thai@year=\count349
Missing character: There is no ส in font nullfont!
Missing character: There is no ว in font nullfont!
Missing character: There is no ะ in font nullfont!
File: images/data_annotation.png Graphic file (type bmp)
<images/data_annotation.png>


[6]
Overfull \hbox (1.6785pt too wide) in paragraph at lines 308--313
\TU/lmr/m/n/10.95 detection model based on a fine-tuned Wav2Vec2.0 architecture
. Wav2Vec2.0
 []


Overfull \hbox (1.72232pt too wide) in paragraph at lines 308--313
\TU/lmr/m/n/10.95 is a self-supervised transformer-based model pre-trained on l
arge-scale speech
 []



[7]
File: images/cw_modelarchitecture_diagram.png Graphic file (type bmp)
<images/cw_modelarchitecture_diagram.png>


[8]
File: images/architecture_infographic.png Graphic file (type bmp)
<images/architecture_infographic.png>


[9]

[10]

[11]
Overfull \hbox (1.42662pt too wide) in paragraph at lines 454--455
\TU/lmr/m/n/10.95 Our extensive evaluation across 80+ different windowing confi
gurations (win-
 []



[12]
Overfull \hbox (90.26514pt too wide) in paragraph at lines 461--498
 [][] 
 []

\thai@year=\count350
Missing character: There is no เ in font nullfont!
Missing character: There is no ย in font nullfont!
Missing character: There is no ็ in font nullfont!
Missing character: There is no ด in font nullfont!
\thai@year=\count351
Missing character: There is no ก in font nullfont!
Missing character: There is no ู in font nullfont!
\thai@year=\count352
Missing character: There is no ม in font nullfont!
Missing character: There is no ึ in font nullfont!
Missing character: There is no ง in font nullfont!
\thai@year=\count353
Missing character: There is no เ in font nullfont!
Missing character: There is no ห in font nullfont!
Missing character: There is no ี in font nullfont!
Missing character: There is no ้ in font nullfont!
Missing character: There is no ย in font nullfont!


[13]
Overfull \hbox (44.65315pt too wide) in paragraph at lines 565--576
 [][] 
 []



[14]
c:/Users/muldi/Documents/Playground/University/senior-project-1/research/resear
ch_paper.tex:586: Undefined control sequence.
<recently read> \multirow 
                          
l.586         \multirow
                       {5}{*}{Win 0.5s, Stride 0.125s} & 0.1 & 3.2 & 45.1 & ...
The control sequence at the end of the top line
of your error message was never \def'ed. If you have
misspelled it (e.g., `\hobx'), type `I' and the correct
spelling (e.g., `I\hbox'). Otherwise just continue,
and I'll forget about whatever was undefined.

c:/Users/muldi/Documents/Playground/University/senior-project-1/research/resear
ch_paper.tex:592: Undefined control sequence.
<recently read> \multirow 
                          
l.592         \multirow
                       {5}{*}{Win 0.8s, Stride 0.25s} & 0.1 & 2.8 & 41.3 & 5...
The control sequence at the end of the top line
of your error message was never \def'ed. If you have
misspelled it (e.g., `\hobx'), type `I' and the correct
spelling (e.g., `I\hbox'). Otherwise just continue,
and I'll forget about whatever was undefined.

c:/Users/muldi/Documents/Playground/University/senior-project-1/research/resear
ch_paper.tex:598: Undefined control sequence.
<recently read> \multirow 
                          
l.598         \multirow
                       {5}{*}{Win 1.0s, Stride 0.5s} & 0.1 & 2.1 & 35.9 & 4....
The control sequence at the end of the top line
of your error message was never \def'ed. If you have
misspelled it (e.g., `\hobx'), type `I' and the correct
spelling (e.g., `I\hbox'). Otherwise just continue,
and I'll forget about whatever was undefined.


Overfull \hbox (178.57623pt too wide) in paragraph at lines 582--605
 [][] 
 []


Overfull \hbox (47.16702pt too wide) in paragraph at lines 616--631
 [][] 
 []



[15]
LaTeX Font Info:    Font shape `TU/NotoSansThai(0)/m/n' will be
(Font)              scaled to size 10.95pt on input line 647.

c:/Users/muldi/Documents/Playground/University/senior-project-1/research/resear
ch_paper.tex:647: Font TU/NotoSansThai(0)/m/n/10.95="Noto Sans Thai/OT" at 10.9
5pt not loadable: Metric (TFM) file or installed font not found.
<to be read again> 
                   relax 
l.647         \textthai{เย็ด}
                              (yed) & 0.0 & 0.0 & 0.0 \\
I wasn't able to read the size data for this font,
so I will ignore the font specification.
[Wizards can fix TFM files using TFtoPL/PLtoTF.]
You might try inserting a different font spec;
e.g., type `I\font<same font id>=<substitute font name>'.

\thai@year=\count354
Missing character: There is no เ in font nullfont!
Missing character: There is no ย in font nullfont!
Missing character: There is no ็ in font nullfont!
Missing character: There is no ด in font nullfont!
\thai@year=\count355
Missing character: There is no ก in font nullfont!
Missing character: There is no ู in font nullfont!
\thai@year=\count356
Missing character: There is no ม in font nullfont!
Missing character: There is no ึ in font nullfont!
Missing character: There is no ง in font nullfont!
\thai@year=\count357
Missing character: There is no เ in font nullfont!
Missing character: There is no ห in font nullfont!
Missing character: There is no ี in font nullfont!
Missing character: There is no ้ in font nullfont!
Missing character: There is no ย in font nullfont!
\thai@year=\count358
Missing character: There is no ก in font nullfont!
Missing character: There is no ู in font nullfont!


[16]
Overfull \hbox (4.10405pt too wide) in paragraph at lines 673--674
[]\TU/lmr/m/n/10.95 This discrepancy highlights the importance of realistic eva
luation method-
 []

\thai@year=\count359
Missing character: There is no ก in font nullfont!
Missing character: There is no ู in font nullfont!
\thai@year=\count360
Missing character: There is no ม in font nullfont!
Missing character: There is no ึ in font nullfont!
Missing character: There is no ง in font nullfont!
\thai@year=\count361
Missing character: There is no เ in font nullfont!
Missing character: There is no ย in font nullfont!
Missing character: There is no ็ in font nullfont!
Missing character: There is no ด in font nullfont!
\thai@year=\count362
Missing character: There is no เ in font nullfont!
Missing character: There is no ห in font nullfont!
Missing character: There is no ี in font nullfont!
Missing character: There is no ้ in font nullfont!
Missing character: There is no ย in font nullfont!

Overfull \hbox (21.1891pt too wide) in paragraph at lines 683--693
 [][] 
 []



[17]
\thai@year=\count363

Missing character: There is no เ in font nullfont!
Missing character: There is no ห in font nullfont!
Missing character: There is no ี in font nullfont!
Missing character: There is no ้ in font nullfont!
Missing character: There is no ย in font nullfont!
\thai@year=\count364
Missing character: There is no ก in font nullfont!
Missing character: There is no ู in font nullfont!
\thai@year=\count365
Missing character: There is no เ in font nullfont!
Missing character: There is no ย in font nullfont!
Missing character: There is no ็ in font nullfont!
Missing character: There is no ด in font nullfont!

Overfull \hbox (0.79152pt too wide) in paragraph at lines 700--701
\TU/lmr/m/n/10.95 multi-class accuracy. While models can distinguish profane fr
om non-profane
 []

\thai@year=\count366
Missing character: There is no ก in font nullfont!
Missing character: There is no ู in font nullfont!
\thai@year=\count367
Missing character: There is no ก in font nullfont!
Missing character: There is no ู in font nullfont!
\thai@year=\count368
Missing character: There is no ก in font nullfont!
Missing character: There is no ู in font nullfont!


[18]
Overfull \hbox (3.37268pt too wide) in paragraph at lines 722--723
[]\TU/lmr/bx/n/10.95 Computational Efficiency\TU/lmr/m/n/10.95 : Single-model E
2E approach enables real-
 []

\thai@year=\count369
Missing character: There is no ก in font nullfont!
Missing character: There is no ู in font nullfont!
\thai@year=\count370
Missing character: There is no เ in font nullfont!
Missing character: There is no ย in font nullfont!
Missing character: There is no ็ in font nullfont!
Missing character: There is no ด in font nullfont!
\thai@year=\count371
Missing character: There is no ม in font nullfont!
Missing character: There is no ึ in font nullfont!
Missing character: There is no ง in font nullfont!
\thai@year=\count372
Missing character: There is no เ in font nullfont!
Missing character: There is no ห in font nullfont!
Missing character: There is no ี in font nullfont!
Missing character: There is no ้ in font nullfont!
Missing character: There is no ย in font nullfont!

Overfull \hbox (164.50082pt too wide) in paragraph at lines 732--767
 [][] 
 []



[19]

[20]

[21]

[22]
LaTeX Font Info:    Font shape `TU/NotoSansThai(0)/m/n' will be
(Font)              scaled to size 8.0pt on input line 913.

c:/Users/muldi/Documents/Playground/University/senior-project-1/research/resear
ch_paper.tex:913: Font TU/NotoSansThai(0)/m/n/8="Noto Sans Thai/OT" at 8.0pt no
t loadable: Metric (TFM) file or installed font not found.
<to be read again> 
                   relax 
l.913         0.3s & 0.125s & \textthai{กู}
                                            (guu) & 2.7 & 95.5 & 5.3 & 157 \\
I wasn't able to read the size data for this font,
so I will ignore the font specification.
[Wizards can fix TFM files using TFtoPL/PLtoTF.]
You might try inserting a different font spec;
e.g., type `I\font<same font id>=<substitute font name>'.

\thai@year=\count373
Missing character: There is no ก in font nullfont!
Missing character: There is no ู in font nullfont!
\thai@year=\count374
Missing character: There is no ม in font nullfont!
Missing character: There is no ึ in font nullfont!
Missing character: There is no ง in font nullfont!
\thai@year=\count375
Missing character: There is no เ in font nullfont!
Missing character: There is no ย in font nullfont!
Missing character: There is no ็ in font nullfont!
Missing character: There is no ด in font nullfont!
\thai@year=\count376
Missing character: There is no เ in font nullfont!
Missing character: There is no ห in font nullfont!
Missing character: There is no ี in font nullfont!
Missing character: There is no ้ in font nullfont!
Missing character: There is no ย in font nullfont!
\thai@year=\count377
Missing character: There is no ก in font nullfont!
Missing character: There is no ู in font nullfont!
\thai@year=\count378
Missing character: There is no ม in font nullfont!
Missing character: There is no ึ in font nullfont!
Missing character: There is no ง in font nullfont!
\thai@year=\count379
Missing character: There is no เ in font nullfont!
Missing character: There is no ย in font nullfont!
Missing character: There is no ็ in font nullfont!
Missing character: There is no ด in font nullfont!
\thai@year=\count380
Missing character: There is no เ in font nullfont!
Missing character: There is no ห in font nullfont!
Missing character: There is no ี in font nullfont!
Missing character: There is no ้ in font nullfont!
Missing character: There is no ย in font nullfont!
\thai@year=\count381
Missing character: There is no ก in font nullfont!
Missing character: There is no ู in font nullfont!
\thai@year=\count382
Missing character: There is no ม in font nullfont!
Missing character: There is no ึ in font nullfont!
Missing character: There is no ง in font nullfont!
\thai@year=\count383
Missing character: There is no เ in font nullfont!
Missing character: There is no ย in font nullfont!
Missing character: There is no ็ in font nullfont!
Missing character: There is no ด in font nullfont!
\thai@year=\count384
Missing character: There is no เ in font nullfont!
Missing character: There is no ห in font nullfont!
Missing character: There is no ี in font nullfont!
Missing character: There is no ้ in font nullfont!
Missing character: There is no ย in font nullfont!
\thai@year=\count385
Missing character: There is no ก in font nullfont!
Missing character: There is no ู in font nullfont!
\thai@year=\count386
Missing character: There is no ม in font nullfont!
Missing character: There is no ึ in font nullfont!
Missing character: There is no ง in font nullfont!
\thai@year=\count387
Missing character: There is no เ in font nullfont!
Missing character: There is no ย in font nullfont!
Missing character: There is no ็ in font nullfont!
Missing character: There is no ด in font nullfont!
\thai@year=\count388
Missing character: There is no เ in font nullfont!
Missing character: There is no ห in font nullfont!
Missing character: There is no ี in font nullfont!
Missing character: There is no ้ in font nullfont!
Missing character: There is no ย in font nullfont!
\thai@year=\count389
Missing character: There is no ก in font nullfont!
Missing character: There is no ู in font nullfont!
\thai@year=\count390
Missing character: There is no ม in font nullfont!
Missing character: There is no ึ in font nullfont!
Missing character: There is no ง in font nullfont!
\thai@year=\count391
Missing character: There is no เ in font nullfont!
Missing character: There is no ย in font nullfont!
Missing character: There is no ็ in font nullfont!
Missing character: There is no ด in font nullfont!
\thai@year=\count392
Missing character: There is no เ in font nullfont!
Missing character: There is no ห in font nullfont!
Missing character: There is no ี in font nullfont!
Missing character: There is no ้ in font nullfont!
Missing character: There is no ย in font nullfont!
\thai@year=\count393
Missing character: There is no ก in font nullfont!
Missing character: There is no ู in font nullfont!
\thai@year=\count394
Missing character: There is no ม in font nullfont!
Missing character: There is no ึ in font nullfont!
Missing character: There is no ง in font nullfont!
\thai@year=\count395
Missing character: There is no เ in font nullfont!
Missing character: There is no ย in font nullfont!
Missing character: There is no ็ in font nullfont!
Missing character: There is no ด in font nullfont!
\thai@year=\count396
Missing character: There is no เ in font nullfont!
Missing character: There is no ห in font nullfont!
Missing character: There is no ี in font nullfont!
Missing character: There is no ้ in font nullfont!
Missing character: There is no ย in font nullfont!
\thai@year=\count397
Missing character: There is no ก in font nullfont!
Missing character: There is no ู in font nullfont!
\thai@year=\count398
Missing character: There is no ม in font nullfont!
Missing character: There is no ึ in font nullfont!
Missing character: There is no ง in font nullfont!
\thai@year=\count399
Missing character: There is no เ in font nullfont!
Missing character: There is no ย in font nullfont!
Missing character: There is no ็ in font nullfont!
Missing character: There is no ด in font nullfont!
\thai@year=\count400
Missing character: There is no เ in font nullfont!
Missing character: There is no ห in font nullfont!
Missing character: There is no ี in font nullfont!
Missing character: There is no ้ in font nullfont!
Missing character: There is no ย in font nullfont!
\thai@year=\count401
Missing character: There is no ก in font nullfont!
Missing character: There is no ู in font nullfont!
\thai@year=\count402
Missing character: There is no ม in font nullfont!
Missing character: There is no ึ in font nullfont!
Missing character: There is no ง in font nullfont!
\thai@year=\count403
Missing character: There is no เ in font nullfont!
Missing character: There is no ย in font nullfont!
Missing character: There is no ็ in font nullfont!
Missing character: There is no ด in font nullfont!
\thai@year=\count404
Missing character: There is no เ in font nullfont!
Missing character: There is no ห in font nullfont!
Missing character: There is no ี in font nullfont!
Missing character: There is no ้ in font nullfont!
Missing character: There is no ย in font nullfont!
\thai@year=\count405
Missing character: There is no ก in font nullfont!
Missing character: There is no ู in font nullfont!
\thai@year=\count406
Missing character: There is no ม in font nullfont!
Missing character: There is no ึ in font nullfont!
Missing character: There is no ง in font nullfont!
\thai@year=\count407
Missing character: There is no เ in font nullfont!
Missing character: There is no ย in font nullfont!
Missing character: There is no ็ in font nullfont!
Missing character: There is no ด in font nullfont!
\thai@year=\count408
Missing character: There is no เ in font nullfont!
Missing character: There is no ห in font nullfont!
Missing character: There is no ี in font nullfont!
Missing character: There is no ้ in font nullfont!
Missing character: There is no ย in font nullfont!
\thai@year=\count409
Missing character: There is no ก in font nullfont!
Missing character: There is no ู in font nullfont!
\thai@year=\count410
Missing character: There is no ม in font nullfont!
Missing character: There is no ึ in font nullfont!
Missing character: There is no ง in font nullfont!
\thai@year=\count411
Missing character: There is no เ in font nullfont!
Missing character: There is no ย in font nullfont!
Missing character: There is no ็ in font nullfont!
Missing character: There is no ด in font nullfont!
\thai@year=\count412
Missing character: There is no เ in font nullfont!
Missing character: There is no ห in font nullfont!
Missing character: There is no ี in font nullfont!
Missing character: There is no ้ in font nullfont!
Missing character: There is no ย in font nullfont!


[23]
\thai@year=\count413

Missing character: There is no ก in font nullfont!
Missing character: There is no ู in font nullfont!
\thai@year=\count414
Missing character: There is no ม in font nullfont!
Missing character: There is no ึ in font nullfont!
Missing character: There is no ง in font nullfont!
\thai@year=\count415
Missing character: There is no เ in font nullfont!
Missing character: There is no ย in font nullfont!
Missing character: There is no ็ in font nullfont!
Missing character: There is no ด in font nullfont!
\thai@year=\count416
Missing character: There is no เ in font nullfont!
Missing character: There is no ห in font nullfont!
Missing character: There is no ี in font nullfont!
Missing character: There is no ้ in font nullfont!
Missing character: There is no ย in font nullfont!
\thai@year=\count417
Missing character: There is no ก in font nullfont!
Missing character: There is no ู in font nullfont!
\thai@year=\count418
Missing character: There is no ม in font nullfont!
Missing character: There is no ึ in font nullfont!
Missing character: There is no ง in font nullfont!
\thai@year=\count419
Missing character: There is no เ in font nullfont!
Missing character: There is no ย in font nullfont!
Missing character: There is no ็ in font nullfont!
Missing character: There is no ด in font nullfont!
\thai@year=\count420
Missing character: There is no เ in font nullfont!
Missing character: There is no ห in font nullfont!
Missing character: There is no ี in font nullfont!
Missing character: There is no ้ in font nullfont!
Missing character: There is no ย in font nullfont!
\thai@year=\count421
Missing character: There is no ก in font nullfont!
Missing character: There is no ู in font nullfont!
\thai@year=\count422
Missing character: There is no ม in font nullfont!
Missing character: There is no ึ in font nullfont!
Missing character: There is no ง in font nullfont!
\thai@year=\count423
Missing character: There is no เ in font nullfont!
Missing character: There is no ย in font nullfont!
Missing character: There is no ็ in font nullfont!
Missing character: There is no ด in font nullfont!
\thai@year=\count424
Missing character: There is no เ in font nullfont!
Missing character: There is no ห in font nullfont!
Missing character: There is no ี in font nullfont!
Missing character: There is no ้ in font nullfont!
Missing character: There is no ย in font nullfont!
\thai@year=\count425
Missing character: There is no ก in font nullfont!
Missing character: There is no ู in font nullfont!
\thai@year=\count426
Missing character: There is no ม in font nullfont!
Missing character: There is no ึ in font nullfont!
Missing character: There is no ง in font nullfont!
\thai@year=\count427
Missing character: There is no เ in font nullfont!
Missing character: There is no ย in font nullfont!
Missing character: There is no ็ in font nullfont!
Missing character: There is no ด in font nullfont!
\thai@year=\count428
Missing character: There is no เ in font nullfont!
Missing character: There is no ห in font nullfont!
Missing character: There is no ี in font nullfont!
Missing character: There is no ้ in font nullfont!
Missing character: There is no ย in font nullfont!
\thai@year=\count429
Missing character: There is no ก in font nullfont!
Missing character: There is no ู in font nullfont!
\thai@year=\count430
Missing character: There is no ม in font nullfont!
Missing character: There is no ึ in font nullfont!
Missing character: There is no ง in font nullfont!
\thai@year=\count431
Missing character: There is no เ in font nullfont!
Missing character: There is no ย in font nullfont!
Missing character: There is no ็ in font nullfont!
Missing character: There is no ด in font nullfont!
\thai@year=\count432
Missing character: There is no เ in font nullfont!
Missing character: There is no ห in font nullfont!
Missing character: There is no ี in font nullfont!
Missing character: There is no ้ in font nullfont!
Missing character: There is no ย in font nullfont!
\thai@year=\count433
Missing character: There is no ก in font nullfont!
Missing character: There is no ู in font nullfont!
\thai@year=\count434
Missing character: There is no ม in font nullfont!
Missing character: There is no ึ in font nullfont!
Missing character: There is no ง in font nullfont!
\thai@year=\count435
Missing character: There is no เ in font nullfont!
Missing character: There is no ย in font nullfont!
Missing character: There is no ็ in font nullfont!
Missing character: There is no ด in font nullfont!
\thai@year=\count436
Missing character: There is no เ in font nullfont!
Missing character: There is no ห in font nullfont!
Missing character: There is no ี in font nullfont!
Missing character: There is no ้ in font nullfont!
Missing character: There is no ย in font nullfont!
\thai@year=\count437
Missing character: There is no ก in font nullfont!
Missing character: There is no ู in font nullfont!
\thai@year=\count438
Missing character: There is no ม in font nullfont!
Missing character: There is no ึ in font nullfont!
Missing character: There is no ง in font nullfont!
\thai@year=\count439
Missing character: There is no เ in font nullfont!
Missing character: There is no ย in font nullfont!
Missing character: There is no ็ in font nullfont!
Missing character: There is no ด in font nullfont!
\thai@year=\count440
Missing character: There is no เ in font nullfont!
Missing character: There is no ห in font nullfont!
Missing character: There is no ี in font nullfont!
Missing character: There is no ้ in font nullfont!
Missing character: There is no ย in font nullfont!
\thai@year=\count441
Missing character: There is no ก in font nullfont!
Missing character: There is no ู in font nullfont!
\thai@year=\count442
Missing character: There is no ม in font nullfont!
Missing character: There is no ึ in font nullfont!
Missing character: There is no ง in font nullfont!
\thai@year=\count443
Missing character: There is no เ in font nullfont!
Missing character: There is no ย in font nullfont!
Missing character: There is no ็ in font nullfont!
Missing character: There is no ด in font nullfont!
\thai@year=\count444
Missing character: There is no เ in font nullfont!
Missing character: There is no ห in font nullfont!
Missing character: There is no ี in font nullfont!
Missing character: There is no ้ in font nullfont!
Missing character: There is no ย in font nullfont!
\thai@year=\count445
Missing character: There is no ก in font nullfont!
Missing character: There is no ู in font nullfont!
\thai@year=\count446
Missing character: There is no ม in font nullfont!
Missing character: There is no ึ in font nullfont!
Missing character: There is no ง in font nullfont!
\thai@year=\count447
Missing character: There is no เ in font nullfont!
Missing character: There is no ย in font nullfont!
Missing character: There is no ็ in font nullfont!
Missing character: There is no ด in font nullfont!
\thai@year=\count448
Missing character: There is no เ in font nullfont!
Missing character: There is no ห in font nullfont!
Missing character: There is no ี in font nullfont!
Missing character: There is no ้ in font nullfont!
Missing character: There is no ย in font nullfont!
\thai@year=\count449
Missing character: There is no ก in font nullfont!
Missing character: There is no ู in font nullfont!
\thai@year=\count450
Missing character: There is no ม in font nullfont!
Missing character: There is no ึ in font nullfont!
Missing character: There is no ง in font nullfont!
\thai@year=\count451
Missing character: There is no เ in font nullfont!
Missing character: There is no ย in font nullfont!
Missing character: There is no ็ in font nullfont!
Missing character: There is no ด in font nullfont!
\thai@year=\count452
Missing character: There is no เ in font nullfont!
Missing character: There is no ห in font nullfont!
Missing character: There is no ี in font nullfont!
Missing character: There is no ้ in font nullfont!
Missing character: There is no ย in font nullfont!


[24]
\thai@year=\count453

Missing character: There is no ก in font nullfont!
Missing character: There is no ู in font nullfont!
\thai@year=\count454
Missing character: There is no ม in font nullfont!
Missing character: There is no ึ in font nullfont!
Missing character: There is no ง in font nullfont!
\thai@year=\count455
Missing character: There is no เ in font nullfont!
Missing character: There is no ย in font nullfont!
Missing character: There is no ็ in font nullfont!
Missing character: There is no ด in font nullfont!
\thai@year=\count456
Missing character: There is no เ in font nullfont!
Missing character: There is no ห in font nullfont!
Missing character: There is no ี in font nullfont!
Missing character: There is no ้ in font nullfont!
Missing character: There is no ย in font nullfont!
\thai@year=\count457
Missing character: There is no ก in font nullfont!
Missing character: There is no ู in font nullfont!
\thai@year=\count458
Missing character: There is no ม in font nullfont!
Missing character: There is no ึ in font nullfont!
Missing character: There is no ง in font nullfont!
\thai@year=\count459
Missing character: There is no เ in font nullfont!
Missing character: There is no ย in font nullfont!
Missing character: There is no ็ in font nullfont!
Missing character: There is no ด in font nullfont!
\thai@year=\count460
Missing character: There is no เ in font nullfont!
Missing character: There is no ห in font nullfont!
Missing character: There is no ี in font nullfont!
Missing character: There is no ้ in font nullfont!
Missing character: There is no ย in font nullfont!
\thai@year=\count461
Missing character: There is no ก in font nullfont!
Missing character: There is no ู in font nullfont!
\thai@year=\count462
Missing character: There is no ม in font nullfont!
Missing character: There is no ึ in font nullfont!
Missing character: There is no ง in font nullfont!
\thai@year=\count463
Missing character: There is no เ in font nullfont!
Missing character: There is no ย in font nullfont!
Missing character: There is no ็ in font nullfont!
Missing character: There is no ด in font nullfont!
\thai@year=\count464
Missing character: There is no เ in font nullfont!
Missing character: There is no ห in font nullfont!
Missing character: There is no ี in font nullfont!
Missing character: There is no ้ in font nullfont!
Missing character: There is no ย in font nullfont!
\thai@year=\count465
Missing character: There is no ก in font nullfont!
Missing character: There is no ู in font nullfont!
\thai@year=\count466
Missing character: There is no ม in font nullfont!
Missing character: There is no ึ in font nullfont!
Missing character: There is no ง in font nullfont!
\thai@year=\count467
Missing character: There is no เ in font nullfont!
Missing character: There is no ย in font nullfont!
Missing character: There is no ็ in font nullfont!
Missing character: There is no ด in font nullfont!
\thai@year=\count468
Missing character: There is no เ in font nullfont!
Missing character: There is no ห in font nullfont!
Missing character: There is no ี in font nullfont!
Missing character: There is no ้ in font nullfont!
Missing character: There is no ย in font nullfont!
\thai@year=\count469
Missing character: There is no ก in font nullfont!
Missing character: There is no ู in font nullfont!
\thai@year=\count470
Missing character: There is no ม in font nullfont!
Missing character: There is no ึ in font nullfont!
Missing character: There is no ง in font nullfont!
\thai@year=\count471
Missing character: There is no เ in font nullfont!
Missing character: There is no ย in font nullfont!
Missing character: There is no ็ in font nullfont!
Missing character: There is no ด in font nullfont!
\thai@year=\count472
Missing character: There is no เ in font nullfont!
Missing character: There is no ห in font nullfont!
Missing character: There is no ี in font nullfont!
Missing character: There is no ้ in font nullfont!
Missing character: There is no ย in font nullfont!
\thai@year=\count473
Missing character: There is no ก in font nullfont!
Missing character: There is no ู in font nullfont!
\thai@year=\count474
Missing character: There is no ม in font nullfont!
Missing character: There is no ึ in font nullfont!
Missing character: There is no ง in font nullfont!
\thai@year=\count475
Missing character: There is no เ in font nullfont!
Missing character: There is no ย in font nullfont!
Missing character: There is no ็ in font nullfont!
Missing character: There is no ด in font nullfont!
\thai@year=\count476
Missing character: There is no เ in font nullfont!
Missing character: There is no ห in font nullfont!
Missing character: There is no ี in font nullfont!
Missing character: There is no ้ in font nullfont!
Missing character: There is no ย in font nullfont!
\thai@year=\count477
Missing character: There is no ก in font nullfont!
Missing character: There is no ู in font nullfont!
\thai@year=\count478
Missing character: There is no ม in font nullfont!
Missing character: There is no ึ in font nullfont!
Missing character: There is no ง in font nullfont!
\thai@year=\count479
Missing character: There is no เ in font nullfont!
Missing character: There is no ย in font nullfont!
Missing character: There is no ็ in font nullfont!
Missing character: There is no ด in font nullfont!
\thai@year=\count480
Missing character: There is no เ in font nullfont!
Missing character: There is no ห in font nullfont!
Missing character: There is no ี in font nullfont!
Missing character: There is no ้ in font nullfont!
Missing character: There is no ย in font nullfont!
\thai@year=\count481
Missing character: There is no ก in font nullfont!
Missing character: There is no ู in font nullfont!
\thai@year=\count482
Missing character: There is no ม in font nullfont!
Missing character: There is no ึ in font nullfont!
Missing character: There is no ง in font nullfont!
\thai@year=\count483
Missing character: There is no เ in font nullfont!
Missing character: There is no ย in font nullfont!
Missing character: There is no ็ in font nullfont!
Missing character: There is no ด in font nullfont!
\thai@year=\count484
Missing character: There is no เ in font nullfont!
Missing character: There is no ห in font nullfont!
Missing character: There is no ี in font nullfont!
Missing character: There is no ้ in font nullfont!
Missing character: There is no ย in font nullfont!


[25]
\thai@year=\count485

Missing character: There is no ก in font nullfont!
Missing character: There is no ู in font nullfont!
\thai@year=\count486
Missing character: There is no ม in font nullfont!
Missing character: There is no ึ in font nullfont!
Missing character: There is no ง in font nullfont!
\thai@year=\count487
Missing character: There is no เ in font nullfont!
Missing character: There is no ย in font nullfont!
Missing character: There is no ็ in font nullfont!
Missing character: There is no ด in font nullfont!
\thai@year=\count488
Missing character: There is no เ in font nullfont!
Missing character: There is no ห in font nullfont!
Missing character: There is no ี in font nullfont!
Missing character: There is no ้ in font nullfont!
Missing character: There is no ย in font nullfont!
\thai@year=\count489
Missing character: There is no ก in font nullfont!
Missing character: There is no ู in font nullfont!
\thai@year=\count490
Missing character: There is no ม in font nullfont!
Missing character: There is no ึ in font nullfont!
Missing character: There is no ง in font nullfont!
\thai@year=\count491
Missing character: There is no เ in font nullfont!
Missing character: There is no ย in font nullfont!
Missing character: There is no ็ in font nullfont!
Missing character: There is no ด in font nullfont!
\thai@year=\count492
Missing character: There is no เ in font nullfont!
Missing character: There is no ห in font nullfont!
Missing character: There is no ี in font nullfont!
Missing character: There is no ้ in font nullfont!
Missing character: There is no ย in font nullfont!
\thai@year=\count493
Missing character: There is no ก in font nullfont!
Missing character: There is no ู in font nullfont!
\thai@year=\count494
Missing character: There is no ม in font nullfont!
Missing character: There is no ึ in font nullfont!
Missing character: There is no ง in font nullfont!
\thai@year=\count495
Missing character: There is no เ in font nullfont!
Missing character: There is no ย in font nullfont!
Missing character: There is no ็ in font nullfont!
Missing character: There is no ด in font nullfont!
\thai@year=\count496
Missing character: There is no เ in font nullfont!
Missing character: There is no ห in font nullfont!
Missing character: There is no ี in font nullfont!
Missing character: There is no ้ in font nullfont!
Missing character: There is no ย in font nullfont!
\thai@year=\count497
Missing character: There is no ก in font nullfont!
Missing character: There is no ู in font nullfont!
\thai@year=\count498
Missing character: There is no ม in font nullfont!
Missing character: There is no ึ in font nullfont!
Missing character: There is no ง in font nullfont!
\thai@year=\count499
Missing character: There is no เ in font nullfont!
Missing character: There is no ย in font nullfont!
Missing character: There is no ็ in font nullfont!
Missing character: There is no ด in font nullfont!
\thai@year=\count500
Missing character: There is no เ in font nullfont!
Missing character: There is no ห in font nullfont!
Missing character: There is no ี in font nullfont!
Missing character: There is no ้ in font nullfont!
Missing character: There is no ย in font nullfont!
\thai@year=\count501
Missing character: There is no ก in font nullfont!
Missing character: There is no ู in font nullfont!
\thai@year=\count502
Missing character: There is no ม in font nullfont!
Missing character: There is no ึ in font nullfont!
Missing character: There is no ง in font nullfont!
\thai@year=\count503
Missing character: There is no เ in font nullfont!
Missing character: There is no ย in font nullfont!
Missing character: There is no ็ in font nullfont!
Missing character: There is no ด in font nullfont!
\thai@year=\count504
Missing character: There is no เ in font nullfont!
Missing character: There is no ห in font nullfont!
Missing character: There is no ี in font nullfont!
Missing character: There is no ้ in font nullfont!
Missing character: There is no ย in font nullfont!
\thai@year=\count505
Missing character: There is no ก in font nullfont!
Missing character: There is no ู in font nullfont!
\thai@year=\count506
Missing character: There is no ม in font nullfont!
Missing character: There is no ึ in font nullfont!
Missing character: There is no ง in font nullfont!
\thai@year=\count507
Missing character: There is no เ in font nullfont!
Missing character: There is no ย in font nullfont!
Missing character: There is no ็ in font nullfont!
Missing character: There is no ด in font nullfont!
\thai@year=\count508
Missing character: There is no เ in font nullfont!
Missing character: There is no ห in font nullfont!
Missing character: There is no ี in font nullfont!
Missing character: There is no ้ in font nullfont!
Missing character: There is no ย in font nullfont!
\thai@year=\count509
Missing character: There is no ก in font nullfont!
Missing character: There is no ู in font nullfont!
\thai@year=\count510
Missing character: There is no ม in font nullfont!
Missing character: There is no ึ in font nullfont!
Missing character: There is no ง in font nullfont!
\thai@year=\count511
Missing character: There is no เ in font nullfont!
Missing character: There is no ย in font nullfont!
Missing character: There is no ็ in font nullfont!
Missing character: There is no ด in font nullfont!
\thai@year=\count512
Missing character: There is no เ in font nullfont!
Missing character: There is no ห in font nullfont!
Missing character: There is no ี in font nullfont!
Missing character: There is no ้ in font nullfont!
Missing character: There is no ย in font nullfont!
\thai@year=\count513
Missing character: There is no ก in font nullfont!
Missing character: There is no ู in font nullfont!
\thai@year=\count514
Missing character: There is no ม in font nullfont!
Missing character: There is no ึ in font nullfont!
Missing character: There is no ง in font nullfont!
\thai@year=\count515
Missing character: There is no เ in font nullfont!
Missing character: There is no ย in font nullfont!
Missing character: There is no ็ in font nullfont!
Missing character: There is no ด in font nullfont!
\thai@year=\count516
Missing character: There is no เ in font nullfont!
Missing character: There is no ห in font nullfont!
Missing character: There is no ี in font nullfont!
Missing character: There is no ้ in font nullfont!
Missing character: There is no ย in font nullfont!


[26]

LaTeX Font Warning: Font shape `TU/NotoSansThai(0)/bx/n' undefined
(Font)              using `TU/NotoSansThai(0)/m/n' instead on input line 1152.

\thai@year=\count517
Missing character: There is no เ in font nullfont!
Missing character: There is no ห in font nullfont!
Missing character: There is no ี in font nullfont!
Missing character: There is no ้ in font nullfont!
Missing character: There is no ย in font nullfont!
LaTeX Font Info:    Font shape `TU/NotoSansThai(0)/bx/n' will be
(Font)              scaled to size 10.95pt on input line 1153.
c:/Users/muldi/Documents/Playground/University/senior-project-1/research/resear
ch_paper.tex:1153: Font TU/NotoSansThai(0)/bx/n/10.95="Noto Sans Thai/OT" at 10
.95pt not loadable: Metric (TFM) file or installed font not found.
<to be read again> 
                   relax 
l.1153 ...tbf{\textthai{กู} (guu) Characteristics}
                                                  : Demonstrates the highest...
I wasn't able to read the size data for this font,
so I will ignore the font specification.
[Wizards can fix TFM files using TFtoPL/PLtoTF.]
You might try inserting a different font spec;
e.g., type `I\font<same font id>=<substitute font name>'.

\thai@year=\count518
Missing character: There is no ก in font nullfont!
Missing character: There is no ู in font nullfont!
\thai@year=\count519
Missing character: There is no เ in font nullfont!
Missing character: There is no ย in font nullfont!
Missing character: There is no ็ in font nullfont!
Missing character: There is no ด in font nullfont!
\thai@year=\count520
Missing character: There is no ม in font nullfont!
Missing character: There is no ึ in font nullfont!
Missing character: There is no ง in font nullfont!


[27]

[28]

[29]
Overfull \hbox (1.66753pt too wide) in paragraph at lines 1356--1357
\TU/lmr/m/n/10.95 the best balanced accuracy (33.43%) and competitive F1-score 
(7.11%),
 []



[30]

[31]

[32]

[33]

[34]
Overfull \hbox (6.14783pt too wide) in paragraph at lines 1547--1548
[]\TU/lmr/bx/n/10.95 Comprehensive Evaluation Framework\TU/lmr/m/n/10.95 : Intr
oduction of IoU-based
 []


Overfull \hbox (0.82657pt too wide) in paragraph at lines 1549--1550
\TU/lmr/m/n/10.95 dowing configurations, establishing optimal parameters for Th
ai speech
 []


Overfull \hbox (5.78651pt too wide) in paragraph at lines 1564--1565
[]\TU/lmr/bx/n/10.95 Advanced Model Architectures\TU/lmr/m/n/10.95 : Exploring 
transformer-based mod-
 []



[35]
Overfull \hbox (5.86137pt too wide) in paragraph at lines 1568--1569
\TU/lmr/m/n/10.95 riculum learning to better separate acoustically similar prof
anity classes. 
 []

(research_paper.bbl

[36]
Underfull \hbox (badness 6268) in paragraph at lines 42--47
[]\TU/lmr/m/n/10.95 Wannaphong Phatthiyaphaibun, Chompakorn Chaksangchaichot,
 []

)

[37] (research_paper.aux)
 ***********
LaTeX2e <2025-06-01>
L3 programming layer <2025-05-26>
 ***********


LaTeX Font Warning: Some font shapes were not available, defaults substituted.

Package rerunfilecheck Info: File `research_paper.out' has not changed.
(rerunfilecheck)             Checksum: 975AF6C89AD49C047E00879F71DDA3B5;7248.
 ) 
Here is how much of TeX's memory you used:
 16250 strings out of 403341
 357038 string characters out of 5463122
 833369 words of memory out of 5000000
 44440 multiletter control sequences out of 15000+600000
 633227 words of font info for 78 fonts, out of 8000000 for 9000
 1348 hyphenation exceptions out of 8191
 73i,17n,92p,1759b,1034s stack positions out of 10000i,1000n,20000p,200000b,200000s

Output written on research_paper.pdf (37 pages).
